Component: ARM Compiler 5.06 update 6 (build 750) Tool: armlink [4d35ed]

==============================================================================

Section Cross References

    system_stm32g0xx.o(i.SystemCoreClockUpdate) refers to uidiv.o(.text) for __aeabi_uidivmod
    system_stm32g0xx.o(i.SystemCoreClockUpdate) refers to system_stm32g0xx.o(.data) for .data
    system_stm32g0xx.o(i.SystemCoreClockUpdate) refers to system_stm32g0xx.o(.constdata) for .constdata
    startup_stm32g030xx.o(RESET) refers to startup_stm32g030xx.o(STACK) for __initial_sp
    startup_stm32g030xx.o(RESET) refers to startup_stm32g030xx.o(.text) for Reset_Handler
    startup_stm32g030xx.o(.text) refers to system_stm32g0xx.o(i.SystemInit) for SystemInit
    startup_stm32g030xx.o(.text) refers to entry.o(.ARM.Collect$$$$00000000) for __main
    main.o(i.Init_HW) refers to main.o(.bss) for .bss
    main.o(i.Init_HW) refers to main.o(.data) for .data
    main.o(i.main) refers to main.o(i.Init_HW) for Init_HW
    main.o(i.main) refers to main.o(sram) for main_while_sram
    main.o(sram) refers to main.o(.data) for .data
    main.o(sram) refers to main.o(.bss) for .bss
    entry.o(.ARM.Collect$$$$00000000) refers (Special) to entry10a.o(.ARM.Collect$$$$0000000D) for __rt_final_cpp
    entry.o(.ARM.Collect$$$$00000000) refers (Special) to entry11a.o(.ARM.Collect$$$$0000000F) for __rt_final_exit
    entry.o(.ARM.Collect$$$$00000000) refers (Special) to entry7b.o(.ARM.Collect$$$$00000008) for _main_clock
    entry.o(.ARM.Collect$$$$00000000) refers (Special) to entry8b.o(.ARM.Collect$$$$0000000A) for _main_cpp_init
    entry.o(.ARM.Collect$$$$00000000) refers (Special) to entry9a.o(.ARM.Collect$$$$0000000B) for _main_init
    entry.o(.ARM.Collect$$$$00000000) refers (Special) to entry5.o(.ARM.Collect$$$$00000004) for _main_scatterload
    entry.o(.ARM.Collect$$$$00000000) refers (Special) to entry2.o(.ARM.Collect$$$$00000001) for _main_stk
    entry2.o(.ARM.Collect$$$$00000001) refers to entry2.o(.ARM.Collect$$$$00002712) for __lit__00000000
    entry2.o(.ARM.Collect$$$$00002712) refers to startup_stm32g030xx.o(STACK) for __initial_sp
    entry2.o(__vectab_stack_and_reset_area) refers to startup_stm32g030xx.o(STACK) for __initial_sp
    entry2.o(__vectab_stack_and_reset_area) refers to entry.o(.ARM.Collect$$$$00000000) for __main
    entry5.o(.ARM.Collect$$$$00000004) refers to init.o(.text) for __scatterload
    entry9a.o(.ARM.Collect$$$$0000000B) refers to main.o(i.main) for main
    entry9b.o(.ARM.Collect$$$$0000000C) refers to main.o(i.main) for main
    init.o(.text) refers to entry5.o(.ARM.Collect$$$$00000004) for __main_after_scatterload


==============================================================================

Removing Unused input sections from the image.

    Removing system_stm32g0xx.o(.rev16_text), (4 bytes).
    Removing system_stm32g0xx.o(.revsh_text), (4 bytes).
    Removing system_stm32g0xx.o(i.SystemCoreClockUpdate), (144 bytes).
    Removing system_stm32g0xx.o(.constdata), (64 bytes).
    Removing system_stm32g0xx.o(.constdata), (32 bytes).
    Removing system_stm32g0xx.o(.data), (4 bytes).
    Removing startup_stm32g030xx.o(HEAP), (512 bytes).
    Removing main.o(.rev16_text), (4 bytes).
    Removing main.o(.revsh_text), (4 bytes).
    Removing main.o(.data), (1 bytes).

10 unused section(s) (total 773 bytes) removed from the image.

==============================================================================

Adding Veneers to the image

    Adding TT veneer (12 bytes, Long) for call to 'main_while_sram' from main.o(i.main).

1 Veneer(s) (total 12 bytes) added to the image.

==============================================================================

Image Symbol Table

    Local Symbols

    Symbol Name                              Value     Ov Type        Size  Object(Section)

    ../Core/Src/main.c                       0x00000000   Number         0  main.o ABSOLUTE
    ../Core/Src/system_stm32g0xx.c           0x00000000   Number         0  system_stm32g0xx.o ABSOLUTE
    ../clib/microlib/division.c              0x00000000   Number         0  uidiv.o ABSOLUTE
    ../clib/microlib/init/entry.s            0x00000000   Number         0  entry7a.o ABSOLUTE
    ../clib/microlib/init/entry.s            0x00000000   Number         0  entry5.o ABSOLUTE
    ../clib/microlib/init/entry.s            0x00000000   Number         0  entry11b.o ABSOLUTE
    ../clib/microlib/init/entry.s            0x00000000   Number         0  entry11a.o ABSOLUTE
    ../clib/microlib/init/entry.s            0x00000000   Number         0  entry10b.o ABSOLUTE
    ../clib/microlib/init/entry.s            0x00000000   Number         0  entry10a.o ABSOLUTE
    ../clib/microlib/init/entry.s            0x00000000   Number         0  entry9b.o ABSOLUTE
    ../clib/microlib/init/entry.s            0x00000000   Number         0  entry9a.o ABSOLUTE
    ../clib/microlib/init/entry.s            0x00000000   Number         0  entry.o ABSOLUTE
    ../clib/microlib/init/entry.s            0x00000000   Number         0  entry8b.o ABSOLUTE
    ../clib/microlib/init/entry.s            0x00000000   Number         0  entry2.o ABSOLUTE
    ../clib/microlib/init/entry.s            0x00000000   Number         0  entry8a.o ABSOLUTE
    ../clib/microlib/init/entry.s            0x00000000   Number         0  entry7b.o ABSOLUTE
    ..\Core\Src\main.c                       0x00000000   Number         0  main.o ABSOLUTE
    ..\Core\Src\system_stm32g0xx.c           0x00000000   Number         0  system_stm32g0xx.o ABSOLUTE
    dc.s                                     0x00000000   Number         0  dc.o ABSOLUTE
    handlers.s                               0x00000000   Number         0  handlers.o ABSOLUTE
    init.s                                   0x00000000   Number         0  init.o ABSOLUTE
    startup_stm32g030xx.s                    0x00000000   Number         0  startup_stm32g030xx.o ABSOLUTE
    RESET                                    0x08000000   Section      192  startup_stm32g030xx.o(RESET)
    .ARM.Collect$$$$00000000                 0x080000c0   Section        0  entry.o(.ARM.Collect$$$$00000000)
    .ARM.Collect$$$$00000001                 0x080000c0   Section        4  entry2.o(.ARM.Collect$$$$00000001)
    .ARM.Collect$$$$00000004                 0x080000c4   Section        4  entry5.o(.ARM.Collect$$$$00000004)
    .ARM.Collect$$$$00000008                 0x080000c8   Section        0  entry7b.o(.ARM.Collect$$$$00000008)
    .ARM.Collect$$$$0000000A                 0x080000c8   Section        0  entry8b.o(.ARM.Collect$$$$0000000A)
    .ARM.Collect$$$$0000000B                 0x080000c8   Section        8  entry9a.o(.ARM.Collect$$$$0000000B)
    .ARM.Collect$$$$0000000D                 0x080000d0   Section        0  entry10a.o(.ARM.Collect$$$$0000000D)
    .ARM.Collect$$$$0000000F                 0x080000d0   Section        0  entry11a.o(.ARM.Collect$$$$0000000F)
    .ARM.Collect$$$$00002712                 0x080000d0   Section        4  entry2.o(.ARM.Collect$$$$00002712)
    __lit__00000000                          0x080000d0   Data           4  entry2.o(.ARM.Collect$$$$00002712)
    .text                                    0x080000d4   Section       28  startup_stm32g030xx.o(.text)
    .text                                    0x080000f0   Section       36  init.o(.text)
    i.Init_HW                                0x08000120   Section        0  main.o(i.Init_HW)
    Init_HW                                  0x08000121   Thumb Code   368  main.o(i.Init_HW)
    i.SystemInit                             0x08000308   Section        0  system_stm32g0xx.o(i.SystemInit)
    i.__scatterload_copy                     0x08000318   Section       14  handlers.o(i.__scatterload_copy)
    i.__scatterload_null                     0x08000326   Section        2  handlers.o(i.__scatterload_null)
    i.__scatterload_zeroinit                 0x08000328   Section       14  handlers.o(i.__scatterload_zeroinit)
    i.main                                   0x08000336   Section        0  main.o(i.main)
    .data                                    0x20000000   Section       86  main.o(.data)
    .bss                                     0x20000058   Section       16  main.o(.bss)
    STACK                                    0x20000068   Section     1024  startup_stm32g030xx.o(STACK)
    sram                                     0x20000800   Section        0  main.o(sram)

    Global Symbols

    Symbol Name                              Value     Ov Type        Size  Object(Section)

    BuildAttributes$$THM_ISAv3M$S$PE$A:L22$X:L11$S22$IEEE1$IW$USESV6$~STKCKD$USESV7$~SHL$OSPACE$EBA8$MICROLIB$REQ8$PRES8$EABIv2 0x00000000   Number         0  anon$$obj.o ABSOLUTE
    __ARM_use_no_argv                        0x00000000   Number         0  main.o ABSOLUTE
    __cpp_initialize__aeabi_                  - Undefined Weak Reference
    __cxa_finalize                            - Undefined Weak Reference
    __decompress                              - Undefined Weak Reference
    _clock_init                               - Undefined Weak Reference
    _microlib_exit                            - Undefined Weak Reference
    __Vectors_Size                           0x000000c0   Number         0  startup_stm32g030xx.o ABSOLUTE
    __Vectors                                0x08000000   Data           4  startup_stm32g030xx.o(RESET)
    __Vectors_End                            0x080000c0   Data           0  startup_stm32g030xx.o(RESET)
    __main                                   0x080000c1   Thumb Code     0  entry.o(.ARM.Collect$$$$00000000)
    _main_stk                                0x080000c1   Thumb Code     0  entry2.o(.ARM.Collect$$$$00000001)
    _main_scatterload                        0x080000c5   Thumb Code     0  entry5.o(.ARM.Collect$$$$00000004)
    __main_after_scatterload                 0x080000c9   Thumb Code     0  entry5.o(.ARM.Collect$$$$00000004)
    _main_clock                              0x080000c9   Thumb Code     0  entry7b.o(.ARM.Collect$$$$00000008)
    _main_cpp_init                           0x080000c9   Thumb Code     0  entry8b.o(.ARM.Collect$$$$0000000A)
    _main_init                               0x080000c9   Thumb Code     0  entry9a.o(.ARM.Collect$$$$0000000B)
    __rt_final_cpp                           0x080000d1   Thumb Code     0  entry10a.o(.ARM.Collect$$$$0000000D)
    __rt_final_exit                          0x080000d1   Thumb Code     0  entry11a.o(.ARM.Collect$$$$0000000F)
    Reset_Handler                            0x080000d5   Thumb Code     8  startup_stm32g030xx.o(.text)
    NMI_Handler                              0x080000dd   Thumb Code     2  startup_stm32g030xx.o(.text)
    HardFault_Handler                        0x080000df   Thumb Code     2  startup_stm32g030xx.o(.text)
    SVC_Handler                              0x080000e1   Thumb Code     2  startup_stm32g030xx.o(.text)
    PendSV_Handler                           0x080000e3   Thumb Code     2  startup_stm32g030xx.o(.text)
    SysTick_Handler                          0x080000e5   Thumb Code     2  startup_stm32g030xx.o(.text)
    ADC1_IRQHandler                          0x080000e7   Thumb Code     0  startup_stm32g030xx.o(.text)
    DMA1_Ch4_5_DMAMUX1_OVR_IRQHandler        0x080000e7   Thumb Code     0  startup_stm32g030xx.o(.text)
    DMA1_Channel1_IRQHandler                 0x080000e7   Thumb Code     0  startup_stm32g030xx.o(.text)
    DMA1_Channel2_3_IRQHandler               0x080000e7   Thumb Code     0  startup_stm32g030xx.o(.text)
    EXTI0_1_IRQHandler                       0x080000e7   Thumb Code     0  startup_stm32g030xx.o(.text)
    EXTI2_3_IRQHandler                       0x080000e7   Thumb Code     0  startup_stm32g030xx.o(.text)
    EXTI4_15_IRQHandler                      0x080000e7   Thumb Code     0  startup_stm32g030xx.o(.text)
    FLASH_IRQHandler                         0x080000e7   Thumb Code     0  startup_stm32g030xx.o(.text)
    I2C1_IRQHandler                          0x080000e7   Thumb Code     0  startup_stm32g030xx.o(.text)
    I2C2_IRQHandler                          0x080000e7   Thumb Code     0  startup_stm32g030xx.o(.text)
    RCC_IRQHandler                           0x080000e7   Thumb Code     0  startup_stm32g030xx.o(.text)
    RTC_TAMP_IRQHandler                      0x080000e7   Thumb Code     0  startup_stm32g030xx.o(.text)
    SPI1_IRQHandler                          0x080000e7   Thumb Code     0  startup_stm32g030xx.o(.text)
    SPI2_IRQHandler                          0x080000e7   Thumb Code     0  startup_stm32g030xx.o(.text)
    TIM14_IRQHandler                         0x080000e7   Thumb Code     0  startup_stm32g030xx.o(.text)
    TIM16_IRQHandler                         0x080000e7   Thumb Code     0  startup_stm32g030xx.o(.text)
    TIM17_IRQHandler                         0x080000e7   Thumb Code     0  startup_stm32g030xx.o(.text)
    TIM1_BRK_UP_TRG_COM_IRQHandler           0x080000e7   Thumb Code     0  startup_stm32g030xx.o(.text)
    TIM1_CC_IRQHandler                       0x080000e7   Thumb Code     0  startup_stm32g030xx.o(.text)
    TIM3_IRQHandler                          0x080000e7   Thumb Code     0  startup_stm32g030xx.o(.text)
    USART1_IRQHandler                        0x080000e7   Thumb Code     0  startup_stm32g030xx.o(.text)
    USART2_IRQHandler                        0x080000e7   Thumb Code     0  startup_stm32g030xx.o(.text)
    WWDG_IRQHandler                          0x080000e7   Thumb Code     0  startup_stm32g030xx.o(.text)
    __scatterload                            0x080000f1   Thumb Code    28  init.o(.text)
    __scatterload_rt2                        0x080000f1   Thumb Code     0  init.o(.text)
    Long Thumb to Thumb Veneer to main_while_sram 0x08000115   Thumb Code    12  anon$$obj.o(Veneer$$Code)
    SystemInit                               0x08000309   Thumb Code    10  system_stm32g0xx.o(i.SystemInit)
    __scatterload_copy                       0x08000319   Thumb Code    14  handlers.o(i.__scatterload_copy)
    __scatterload_null                       0x08000327   Thumb Code     2  handlers.o(i.__scatterload_null)
    __scatterload_zeroinit                   0x08000329   Thumb Code    14  handlers.o(i.__scatterload_zeroinit)
    main                                     0x08000337   Thumb Code     8  main.o(i.main)
    Region$$Table$$Base                      0x08000340   Number         0  anon$$obj.o(Region$$Table)
    Region$$Table$$Limit                     0x08000370   Number         0  anon$$obj.o(Region$$Table)
    tx_div                                   0x20000000   Data           1  main.o(.data)
    pos                                      0x20000001   Data           1  main.o(.data)
    tx_cmd                                   0x20000002   Data           1  main.o(.data)
    Button                                   0x20000003   Data           1  main.o(.data)
    SendState                                0x20000004   Data           1  main.o(.data)
    tx_pos                                   0x20000006   Data           2  main.o(.data)
    rx_pos                                   0x20000008   Data           2  main.o(.data)
    tx_buf                                   0x2000000c   Data           4  main.o(.data)
    flag                                     0x20000010   Data           4  main.o(.data)
    rx_buf_tmp                               0x20000014   Data           4  main.o(.data)
    adc_data                                 0x20000018   Data           6  main.o(.data)
    pos_up                                   0x2000001e   Data          28  main.o(.data)
    pos_down                                 0x2000003a   Data          28  main.o(.data)
    rx_buf                                   0x20000058   Data          16  main.o(.bss)
    __initial_sp                             0x20000468   Data           0  startup_stm32g030xx.o(STACK)
    send_pos                                 0x20000801   Thumb Code    68  main.o(sram)
    main_while_sram                          0x20000845   Thumb Code   784  main.o(sram)



==============================================================================

Memory Map of the image

  Image Entry point : 0x080000c1

  Load Region LR_IROM1 (Base: 0x08000000, Size: 0x00000750, Max: 0x00008000, ABSOLUTE)

    Execution Region ER_IROM1 (Exec base: 0x08000000, Load base: 0x08000000, Size: 0x00000370, Max: 0x00008000, ABSOLUTE)

    Exec Addr    Load Addr    Size         Type   Attr      Idx    E Section Name        Object

    0x08000000   0x08000000   0x000000c0   Data   RO           64    RESET               startup_stm32g030xx.o
    0x080000c0   0x080000c0   0x00000000   Code   RO          112  * .ARM.Collect$$$$00000000  mc_p.l(entry.o)
    0x080000c0   0x080000c0   0x00000004   Code   RO          117    .ARM.Collect$$$$00000001  mc_p.l(entry2.o)
    0x080000c4   0x080000c4   0x00000004   Code   RO          120    .ARM.Collect$$$$00000004  mc_p.l(entry5.o)
    0x080000c8   0x080000c8   0x00000000   Code   RO          122    .ARM.Collect$$$$00000008  mc_p.l(entry7b.o)
    0x080000c8   0x080000c8   0x00000000   Code   RO          124    .ARM.Collect$$$$0000000A  mc_p.l(entry8b.o)
    0x080000c8   0x080000c8   0x00000008   Code   RO          125    .ARM.Collect$$$$0000000B  mc_p.l(entry9a.o)
    0x080000d0   0x080000d0   0x00000000   Code   RO          127    .ARM.Collect$$$$0000000D  mc_p.l(entry10a.o)
    0x080000d0   0x080000d0   0x00000000   Code   RO          129    .ARM.Collect$$$$0000000F  mc_p.l(entry11a.o)
    0x080000d0   0x080000d0   0x00000004   Code   RO          118    .ARM.Collect$$$$00002712  mc_p.l(entry2.o)
    0x080000d4   0x080000d4   0x0000001c   Code   RO           65    .text               startup_stm32g030xx.o
    0x080000f0   0x080000f0   0x00000024   Code   RO          131    .text               mc_p.l(init.o)
    0x08000114   0x08000114   0x0000000c   Ven    RO          141    Veneer$$Code        anon$$obj.o
    0x08000120   0x08000120   0x000001e8   Code   RO           71    i.Init_HW           main.o
    0x08000308   0x08000308   0x00000010   Code   RO            4    i.SystemInit        system_stm32g0xx.o
    0x08000318   0x08000318   0x0000000e   Code   RO          135    i.__scatterload_copy  mc_p.l(handlers.o)
    0x08000326   0x08000326   0x00000002   Code   RO          136    i.__scatterload_null  mc_p.l(handlers.o)
    0x08000328   0x08000328   0x0000000e   Code   RO          137    i.__scatterload_zeroinit  mc_p.l(handlers.o)
    0x08000336   0x08000336   0x00000008   Code   RO           72    i.main              main.o
    0x0800033e   0x0800033e   0x00000002   PAD
    0x08000340   0x08000340   0x00000030   Data   RO          133    Region$$Table       anon$$obj.o


    Execution Region RW_IRAM1 (Exec base: 0x20000000, Load base: 0x08000370, Size: 0x00000468, Max: 0x00000800, ABSOLUTE)

    Exec Addr    Load Addr    Size         Type   Attr      Idx    E Section Name        Object

    0x20000000   0x08000370   0x00000056   Data   RW           75    .data               main.o
    0x20000056   0x080003c6   0x00000002   PAD
    0x20000058        -       0x00000010   Zero   RW           74    .bss                main.o
    0x20000068        -       0x00000400   Zero   RW           62    STACK               startup_stm32g030xx.o


    Execution Region RW_IRAM2 (Exec base: 0x20000800, Load base: 0x080003c8, Size: 0x00000388, Max: 0x00001800, ABSOLUTE)

    Exec Addr    Load Addr    Size         Type   Attr      Idx    E Section Name        Object

    0x20000800   0x080003c8   0x00000388   Code   RO           73    sram                main.o


==============================================================================

Image component sizes


      Code (inc. data)   RO Data    RW Data    ZI Data      Debug   Object Name

      1400        172          0         86         16       4291   main.o
        28          8        192          0       1024        580   startup_stm32g030xx.o
        16          6          0          0          0       1885   system_stm32g0xx.o

    ----------------------------------------------------------------------
      1458        190        240         88       1040       6756   Object Totals
        12          4         48          0          0          0   (incl. Generated)
         2          0          0          2          0          0   (incl. Padding)

    ----------------------------------------------------------------------

      Code (inc. data)   RO Data    RW Data    ZI Data      Debug   Library Member Name

         0          0          0          0          0          0   entry.o
         0          0          0          0          0          0   entry10a.o
         0          0          0          0          0          0   entry11a.o
         8          4          0          0          0          0   entry2.o
         4          0          0          0          0          0   entry5.o
         0          0          0          0          0          0   entry7b.o
         0          0          0          0          0          0   entry8b.o
         8          4          0          0          0          0   entry9a.o
        30          0          0          0          0          0   handlers.o
        36          8          0          0          0         68   init.o

    ----------------------------------------------------------------------
        86         16          0          0          0         68   Library Totals
         0          0          0          0          0          0   (incl. Padding)

    ----------------------------------------------------------------------

      Code (inc. data)   RO Data    RW Data    ZI Data      Debug   Library Name

        86         16          0          0          0         68   mc_p.l

    ----------------------------------------------------------------------
        86         16          0          0          0         68   Library Totals

    ----------------------------------------------------------------------

==============================================================================


      Code (inc. data)   RO Data    RW Data    ZI Data      Debug   

      1544        206        240         88       1040       6888   Grand Totals
      1544        206        240         88       1040       6888   ELF Image Totals
      1544        206        240         88          0          0   ROM Totals

==============================================================================

    Total RO  Size (Code + RO Data)                 1784 (   1.74kB)
    Total RW  Size (RW Data + ZI Data)              1128 (   1.10kB)
    Total ROM Size (Code + RO Data + RW Data)       1872 (   1.83kB)

==============================================================================

